sample.interval=20000
"doTryCatch" "tryCatchOne" "tryCatchList" "tryCatch" "try" "validObject" "initialize" "initialize" "new" "new2" "PartitioningByEnd" ".splitAsList_by_Rle" "IRanges:::default_splitAsList" ".local" "splitAsList" "splitAsList" "split" "standardGeneric" "split" ".extractFromBSgenomeSingleSequences" ".local" "BSgenome::getSeq" "BSgenome::getSeq" "justify_id_vcf" "ICAMS::AnnotateIDVCF" 
"isTRUE" "which" "standardGeneric" "which" ".preprocess_objects_to_bind" "bindROWS2" "FUN" "lapply" "lapply" ".nextMethod" "eval" "eval" "callNextMethod" "bindROWS" "bindROWS" "replaceROWS" "replaceROWS" "mergeROWS" "mergeROWS" ".nextMethod" "eval" "eval" "callNextMethod" "[<-" "[<-" "unsplit_list_of_XVectorList" ".extractFromBSgenomeSingleSequences" ".local" "BSgenome::getSeq" "BSgenome::getSeq" "justify_id_vcf" "ICAMS::AnnotateIDVCF" 
"reallocate" "copy" "$<-.data.table" "$<-" "justify_indels_in_id_vcf_with_contexts" "justify_id_vcf" "ICAMS::AnnotateIDVCF" 
"ifelse" "ifelse" "ifelse" "ifelse" "ifelse" "ifelse" "<Anonymous>" ".rlang_cli_format_fallback" "signal" "compute_groups" "grouped_df" "[[<-.grouped_df" "[[<-" "nest.tbl_df" "nest.grouped_df" "tidyr::nest" "index_match_fun" "fuzzy_join" "genome_join" "fuzzyjoin::genome_left_join" "AddTranscript" "ICAMS::AnnotateIDVCF" 
"length" "length" "tbl_subset2" "[[.tbl_df" "[[" "rlang_as_list_from_list_impl" "rlang_as_list" ".Call" "quos" "tibble" "compute_groups" "grouped_df" "group_by.data.frame" "dplyr::group_by" "dplyr::mutate" ".External2" "%>%" "AddTranscript" "ICAMS::AnnotateIDVCF" 
".identC" "possibleExtends" "validObject" "initialize" "initialize" "new" "new2" ".unsafe.extractList" "extractList" "extractList" ".oneSeqToXStringSet" ".charToXStringSet" "XStringSet" "XStringSet" "DNAStringSet" "reverseComplement" "ICAMS::revc" "categorize_1_justified_indel" "<Anonymous>" "mapply" "categorize_indels_in_vcf" "ICAMS::AnnotateIDVCF" 
"getClassDef" "validObject" "initialize" "initialize" "new" "new2" ".local" "reduce" "reduce" "xvcopy" "xvcopy" "reverseComplement" "reverseComplement" "ICAMS::revc" "categorize_1_justified_indel" "<Anonymous>" "mapply" "categorize_indels_in_vcf" "ICAMS::AnnotateIDVCF" 
"width" ".Call2" ".local" "reduce" "reduce" "xvcopy" "xvcopy" "reverseComplement" "reverseComplement" "ICAMS::revc" "categorize_1_justified_indel" "<Anonymous>" "mapply" "categorize_indels_in_vcf" "ICAMS::AnnotateIDVCF" 
"validObject" "initialize" "initialize" "new" "new2" ".local" "reduce" "reduce" "xvcopy" "xvcopy" "reverseComplement" "reverseComplement" "ICAMS::revc" "categorize_1_justified_indel" "<Anonymous>" "mapply" "categorize_indels_in_vcf" "ICAMS::AnnotateIDVCF" 
"initialize" "initialize" "new" "new2" "NativeNSBS" "NSBS" "NSBS" "normalizeSingleBracketSubscript" "extractROWS" "extractROWS" "subset_along_ROWS" "[" "[" ".class1" "as" "xvcopy" "xvcopy" "reverseComplement" "reverseComplement" "ICAMS::revc" "categorize_1_justified_indel" "<Anonymous>" "mapply" "categorize_indels_in_vcf" "ICAMS::AnnotateIDVCF" 
"unique" "unique" "xvcopy" "xvcopy" "reverseComplement" "reverseComplement" "ICAMS::revc" "categorize_1_justified_indel" "<Anonymous>" "mapply" "categorize_indels_in_vcf" "ICAMS::AnnotateIDVCF" 
"get" "disableValidity" "validityMethod" "isTRUE" "anyStrings" "validObject" "initialize" "initialize" "new" "new2" ".local" "reduce" "reduce" "xvcopy" "xvcopy" "reverseComplement" "reverseComplement" "ICAMS::revc" "categorize_1_justified_indel" "<Anonymous>" "mapply" "categorize_indels_in_vcf" "ICAMS::AnnotateIDVCF" 
"DNAStringSet" "reverseComplement" "ICAMS::revc" "categorize_1_justified_indel" "<Anonymous>" "mapply" "categorize_indels_in_vcf" "ICAMS::AnnotateIDVCF" 
"validObject" "initialize" "initialize" "new" "new2" ".local" "reduce" "reduce" "xvcopy" "xvcopy" "reverseComplement" "reverseComplement" "ICAMS::revc" "categorize_1_justified_indel" "<Anonymous>" "mapply" "categorize_indels_in_vcf" "ICAMS::AnnotateIDVCF" 
"standardGeneric" "nchar" ".letterAsByteVal" ".local" "initialize" "initialize" "new" ".XStringCodec.DNAorRNA" "getDNAComplementLookup" ".Call2" "SharedVector.mcopy" "xvcopy" "xvcopy" "reverseComplement" "reverseComplement" "ICAMS::revc" "categorize_1_justified_indel" "<Anonymous>" "mapply" "categorize_indels_in_vcf" "ICAMS::AnnotateIDVCF" 
"isFALSE" "validObject" "initialize" "initialize" "new" "new2" ".unsafe.extractList" "extractList" "extractList" ".oneSeqToXStringSet" ".charToXStringSet" "XStringSet" "XStringSet" "DNAStringSet" "reverseComplement" "ICAMS::revc" "categorize_1_justified_indel" "<Anonymous>" "mapply" "categorize_indels_in_vcf" "ICAMS::AnnotateIDVCF" 
"doTryCatch" "tryCatchOne" "tryCatchList" "tryCatch" "try" "validObject" "initialize" "initialize" "new" "new2" "NativeNSBS" "NSBS" "NSBS" "normalizeSingleBracketSubscript" "extractROWS" "extractROWS" "subset_along_ROWS" "[" "[" ".class1" "as" "xvcopy" "xvcopy" "reverseComplement" "reverseComplement" "ICAMS::revc" "categorize_1_justified_indel" "<Anonymous>" "mapply" "categorize_indels_in_vcf" "ICAMS::AnnotateIDVCF" 
"lapply" "lapply" "new_SharedVector_Pool_from_list_of_SharedVector" "new_SharedVector_Pool_from_SharedVector" "asMethod" "as" ".unsafe.extractList" "extractList" "extractList" ".oneSeqToXStringSet" ".charToXStringSet" "XStringSet" "XStringSet" "DNAStringSet" "reverseComplement" "ICAMS::revc" "categorize_1_justified_indel" "<Anonymous>" "mapply" "categorize_indels_in_vcf" "ICAMS::AnnotateIDVCF" 
"duplicated.default" "duplicated" "duplicated" "buildLookupTable" ".local" "initialize" "initialize" "new" ".XStringCodec.DNAorRNA" "getDNAComplementLookup" ".Call2" "SharedVector.mcopy" "xvcopy" "xvcopy" "reverseComplement" "reverseComplement" "ICAMS::revc" "categorize_1_justified_indel" "<Anonymous>" "mapply" "categorize_indels_in_vcf" "ICAMS::AnnotateIDVCF" 
"initialize" "initialize" "new" "new2" ".unsafe.extractList" "extractList" "extractList" ".oneSeqToXStringSet" ".charToXStringSet" "XStringSet" "XStringSet" "DNAStringSet" "reverseComplement" "ICAMS::revc" "categorize_1_justified_indel" "<Anonymous>" "mapply" "categorize_indels_in_vcf" "ICAMS::AnnotateIDVCF" 
"standardGeneric" "setdiff" ".XStringCodec.DNAorRNA" "getDNAComplementLookup" ".Call2" "SharedVector.mcopy" "xvcopy" "xvcopy" "reverseComplement" "reverseComplement" "ICAMS::revc" "categorize_1_justified_indel" "<Anonymous>" "mapply" "categorize_indels_in_vcf" "ICAMS::AnnotateIDVCF" 
"tryCatch" "try" "validObject" "initialize" "initialize" "new" "new2" ".unsafe.extractList" "extractList" "extractList" ".oneSeqToXStringSet" ".charToXStringSet" "XStringSet" "XStringSet" "DNAStringSet" "reverseComplement" "ICAMS::revc" "categorize_1_justified_indel" "<Anonymous>" "mapply" "categorize_indels_in_vcf" "ICAMS::AnnotateIDVCF" 
"tryCatch" "try" "validObject" "initialize" "initialize" "new" "new2" ".unsafe.extractList" "extractList" "extractList" ".oneSeqToXStringSet" ".charToXStringSet" "XStringSet" "XStringSet" "DNAStringSet" "reverseComplement" "ICAMS::revc" "categorize_1_justified_indel" "<Anonymous>" "mapply" "categorize_indels_in_vcf" "ICAMS::AnnotateIDVCF" 
"normargUseNames" ".local" "as.character" "as.character" "as.character" "ICAMS::revc" "categorize_1_justified_indel" "<Anonymous>" "mapply" "categorize_indels_in_vcf" "ICAMS::AnnotateIDVCF" 
